###############################################################################
#
# IAR ELF Linker V3.10.1.201 for STM8                     12/Feb/2018  17:57:22
# Copyright 2010-2017 IAR Systems AB.
#
#    Output file  =  C:\Workspace IAR\LCD\Debug\Exe\LCD.out
#    Map file     =  C:\Workspace IAR\LCD\Debug\List\LCD.map
#    Command line =  
#        -f C:\Users\rinco\AppData\Local\Temp\EWA974.tmp ("C:\Workspace
#        IAR\LCD\Debug\Obj\LCD.o" "C:\Workspace IAR\LCD\Debug\Obj\main.o"
#        --redirect _Printf=_PrintfFullNoMb --redirect _Scanf=_ScanfFullNoMb -o
#        "C:\Workspace IAR\LCD\Debug\Exe\LCD.out" --map "C:\Workspace
#        IAR\LCD\Debug\List\LCD.map" --config "C:\Program Files (x86)\IAR
#        Systems\Embedded Workbench 8.0\stm8\config\lnkstm8s003k3.icf"
#        --config_def _CSTACK_SIZE=0x100 --config_def _HEAP_SIZE=0x100 --entry
#        __iar_program_start --debug_lib)
#
###############################################################################

*******************************************************************************
*** RUNTIME MODEL ATTRIBUTES
***

__SystemLibrary            = DLib
__code_model               = small
__core                     = stm8
__data_model               = medium
__dlib_file_descriptor     = 0
__dlib_full_locale_support = 0
__rt_version               = 4


*******************************************************************************
*** PLACEMENT SUMMARY
***

"A0":  place at start of [0x000000-0x0000ff] { rw section .vregs };
"A1":  place at end of [0x000000-0x0003ff] { block CSTACK };
"A2":  place at start of [0x008000-0x009fff] { block INTVEC };
"P3":  place in [from 0x008000 to 0x009fff] {
          ro section __DLIB_PERTHREAD_init, ro section .far.data_init,
          ro section .far_func.textrw_init, ro section .huge.data_init,
          ro section .huge_func.textrw_init, ro section .iar.init_table,
          ro section .init_array, ro section .near.data_init,
          ro section .near.rodata, ro section .near_func.text,
          ro section .near_func.textrw_init, ro section .tiny.data_init,
          ro section .tiny.rodata_init };
"P4":  place in [from 0x008000 to 0x009fff] {
          ro section .far.rodata, ro section .far_func.text };
"P5":  place in [from 0x008000 to 0x009fff] {
          ro section .huge.rodata, ro section .huge_func.text };
do not initialize {
   rw section .eeprom.noinit, rw section .far.noinit, rw section .huge.noinit,
   rw section .near.noinit, rw section .tiny.noinit, rw section .vregs };

  Section          Kind      Address   Size  Object
  -------          ----      -------   ----  ------
"A0":                                   0xc
  .vregs           uninit   0x000000    0xc  vregs.o [4]
                          - 0x00000c    0xc

"A1":                                 0x100
  CSTACK                    0x000300  0x100  <Block>
    CSTACK         uninit   0x000300  0x100  <Block tail>
                          - 0x000400  0x100

Absolute sections, part 1 of 7:         0x1
  .near.noinit     uninit   0x005000    0x1  LCD.o [1]
                          - 0x005001    0x1

Absolute sections, part 2 of 7:         0x4
  .near.noinit     uninit   0x005002    0x1  LCD.o [1]
  .near.noinit     uninit   0x005003    0x1  LCD.o [1]
  .near.noinit     uninit   0x005004    0x1  LCD.o [1]
  .near.noinit     uninit   0x005005    0x1  LCD.o [1]
                          - 0x005006    0x4

Absolute sections, part 3 of 7:         0x2
  .near.noinit     uninit   0x005007    0x1  LCD.o [1]
  .near.noinit     uninit   0x005008    0x1  LCD.o [1]
                          - 0x005009    0x2

Absolute sections, part 4 of 7:         0x1
  .near.noinit     uninit   0x00500a    0x1  LCD.o [1]
                          - 0x00500b    0x1

Absolute sections, part 5 of 7:         0x2
  .near.noinit     uninit   0x00500c    0x1  LCD.o [1]
  .near.noinit     uninit   0x00500d    0x1  LCD.o [1]
                          - 0x00500e    0x2

Absolute sections, part 6 of 7:         0x1
  .near.noinit     uninit   0x00500f    0x1  LCD.o [1]
                          - 0x005010    0x1

Absolute sections, part 7 of 7:         0x3
  .near.noinit     uninit   0x005011    0x1  LCD.o [1]
  .near.noinit     uninit   0x005012    0x1  LCD.o [1]
  .near.noinit     uninit   0x005013    0x1  LCD.o [1]
                          - 0x005014    0x3

"A2":                                  0x80
  INTVEC                    0x008000   0x80  <Block>
    .intvec        const    0x008000   0x80  interrupt.o [4]
                          - 0x008080   0x80

"P3-P5":                              0x30b
  .near_func.text  ro code  0x008080  0x246  LCD.o [1]
  .near_func.text  ro code  0x0082c6   0x2b  vreg_util.o [4]
  .near_func.text  ro code  0x0082f1   0x1e  main.o [1]
  .near_func.text  ro code  0x00830f   0x14  init.o [4]
  .near_func.text  ro code  0x008323   0x14  __dbg_xxexit.o [3]
  .near_func.text  ro code  0x008337   0x13  cstartup.o [4]
  .near.rodata     const    0x00834a   0x11  main.o [1]
  .near.rodata     const    0x00835b   0x11  main.o [1]
  .near_func.text  ro code  0x00836c    0xd  strlen.o [4]
  .near_func.text  ro code  0x008379    0x5  cexit.o [4]
  .near_func.text  ro code  0x00837e    0x3  interrupt.o [4]
  .near_func.text  ro code  0x008381    0x3  low_level_init.o [4]
  .near_func.text  ro code  0x008384    0x3  exit.o [4]
  .near_func.text  ro code  0x008387    0x3  unhandled_exception.o [4]
  .near_func.text  ro code  0x00838a    0x1  __dbg_break.o [3]
                          - 0x00838b  0x30b



*******************************************************************************
*** MODULE SUMMARY
***

    Module                 ro code  ro data  rw data  rw data
                                                       (abs)
    ------                 -------  -------  -------  -------
C:\Workspace IAR\LCD\Debug\Obj: [1]
    LCD.o                      582                         14
    main.o                      30       34
    ---------------------------------------------------------
    Total:                     612       34                14

command line: [2]
    ---------------------------------------------------------
    Total:

dbgstm8smd.a: [3]
    __dbg_break.o                1
    __dbg_xxexit.o              20
    ---------------------------------------------------------
    Total:                      21

dlstm8smn.a: [4]
    cexit.o                      5
    cstartup.o                  19
    exit.o                       3
    init.o                      20
    interrupt.o                  3      128
    low_level_init.o             3
    strlen.o                    13
    unhandled_exception.o        3
    vreg_util.o                 43
    vregs.o                                       12
    ---------------------------------------------------------
    Total:                     112      128       12

    Linker created                               256
-------------------------------------------------------------
    Grand Total:               745      162      268       14


*******************************************************************************
*** ENTRY LIST
***

Entry                    Address   Size  Type      Object
-----                    -------   ----  ----      ------
?b0                     0x000000         Data  Gb  vregs.o [4]
?b1                     0x000001         Data  Gb  vregs.o [4]
?b10                    0x00000a         Data  Gb  vregs.o [4]
?b11                    0x00000b         Data  Gb  vregs.o [4]
?b2                     0x000002         Data  Gb  vregs.o [4]
?b3                     0x000003         Data  Gb  vregs.o [4]
?b4                     0x000004         Data  Gb  vregs.o [4]
?b5                     0x000005         Data  Gb  vregs.o [4]
?b6                     0x000006         Data  Gb  vregs.o [4]
?b7                     0x000007         Data  Gb  vregs.o [4]
?b8                     0x000008         Data  Gb  vregs.o [4]
?b9                     0x000009         Data  Gb  vregs.o [4]
?e0                     0x000001         Data  Gb  vregs.o [4]
?e1                     0x000005         Data  Gb  vregs.o [4]
?e2                     0x000009         Data  Gb  vregs.o [4]
?epilogue_w4            0x0082ed         Code  Gb  vreg_util.o [4]
?l0                     0x000000         Data  Gb  vregs.o [4]
?l1                     0x000004         Data  Gb  vregs.o [4]
?l2                     0x000008         Data  Gb  vregs.o [4]
?pop_w4                 0x0082de         Code  Gb  vreg_util.o [4]
?push_w4                0x0082c6         Code  Gb  vreg_util.o [4]
?w0                     0x000000         Data  Gb  vregs.o [4]
?w1                     0x000002         Data  Gb  vregs.o [4]
?w2                     0x000004         Data  Gb  vregs.o [4]
?w3                     0x000006         Data  Gb  vregs.o [4]
?w4                     0x000008         Data  Gb  vregs.o [4]
?w5                     0x00000a         Data  Gb  vregs.o [4]
CSTACK$$Base            0x000300          --   Gb  - Linker created -
CSTACK$$Limit           0x000400          --   Gb  - Linker created -
INTVEC$$Base            0x008000          --   Gb  - Linker created -
INTVEC$$Limit           0x008080          --   Gb  - Linker created -
LCDClearDisplay         0x008101   0x1e  Code  Gb  LCD.o [1]
LCDEnableBackLigth      0x00825a    0x5  Code  Gb  LCD.o [1]
LCDGotoXY               0x008221   0x39  Code  Gb  LCD.o [1]
LCDToggleEN             0x0080ae    0x9  Code  Gb  LCD.o [1]
LCDWaitLong             0x008080   0x17  Code  Gb  LCD.o [1]
LCDWaitShort            0x008097   0x17  Code  Gb  LCD.o [1]
LCDWrite4bits           0x0080b7   0x4a  Code  Gb  LCD.o [1]
LCDWriteChar            0x00825f   0x22  Code  Gb  LCD.o [1]
LCDWriteString          0x008281   0x45  Code  Gb  LCD.o [1]
LCD_Init                0x00811f  0x102  Code  Gb  LCD.o [1]
Region$$Table$$Base   0x00000000          --   Gb  - Linker created -
Region$$Table$$Limit  0x00000000          --   Gb  - Linker created -
_A_PA_CR1               0x005003    0x1  Data  Gb  LCD.o [1]
_A_PA_CR2               0x005004    0x1  Data  Gb  LCD.o [1]
_A_PA_DDR               0x005002    0x1  Data  Gb  LCD.o [1]
_A_PA_ODR               0x005000    0x1  Data  Gb  LCD.o [1]
_A_PB_CR1               0x005008    0x1  Data  Gb  LCD.o [1]
_A_PB_DDR               0x005007    0x1  Data  Gb  LCD.o [1]
_A_PB_ODR               0x005005    0x1  Data  Gb  LCD.o [1]
_A_PC_CR1               0x00500d    0x1  Data  Gb  LCD.o [1]
_A_PC_DDR               0x00500c    0x1  Data  Gb  LCD.o [1]
_A_PC_ODR               0x00500a    0x1  Data  Gb  LCD.o [1]
_A_PD_CR1               0x005012    0x1  Data  Gb  LCD.o [1]
_A_PD_CR2               0x005013    0x1  Data  Gb  LCD.o [1]
_A_PD_DDR               0x005011    0x1  Data  Gb  LCD.o [1]
_A_PD_ODR               0x00500f    0x1  Data  Gb  LCD.o [1]
__DebugBreak            0x00838a    0x1  Code  Gb  __dbg_break.o [3]
__exit                  0x008323   0x14  Code  Gb  __dbg_xxexit.o [3]
__iar_data_init2        0x00830f   0x14  Code  Gb  init.o [4]
__iar_program_start     0x008337         Code  Gb  cstartup.o [4]
__iar_unhandled_exception
                        0x008387         Code  Gb  unhandled_exception.o [4]
__intvec                0x008000         Data  Gb  interrupt.o [4]
__low_level_init        0x008381    0x3  Code  Gb  low_level_init.o [4]
_exit                   0x008379         Code  Gb  cexit.o [4]
exit                    0x008384    0x3  Code  Gb  exit.o [4]
main                    0x0082f1   0x1e  Code  Gb  main.o [1]
strlen                  0x00836c    0xd  Code  Gb  strlen.o [4]


[1] = C:\Workspace IAR\LCD\Debug\Obj
[2] = command line
[3] = dbgstm8smd.a
[4] = dlstm8smn.a

  745 bytes of readonly  code memory
  162 bytes of readonly  data memory
  268 bytes of readwrite data memory (+ 14 absolute)

Errors: none
Warnings: none
